Copyright 1986-2022 Xilinx, Inc. All Rights Reserved. Copyright 2022-2024 Advanced Micro Devices, Inc. All Rights Reserved.
---------------------------------------------------------------------------------------------------------------------------------------------
| Tool Version : Vivado v.2024.2 (win64) Build 5239630 Fri Nov 08 22:35:27 MST 2024
| Date         : Wed Sep 10 14:54:21 2025
| Host         : IMUPOSIBRU running 64-bit major release  (build 9200)
| Command      : report_utilization -file top_module_utilization_placed.rpt -pb top_module_utilization_placed.pb
| Design       : top_module
| Device       : xcau7p-fcva289-2-e
| Speed File   : -2
| Design State : Fully Placed
---------------------------------------------------------------------------------------------------------------------------------------------

Utilization Design Information

Table of Contents
-----------------
1. CLB Logic
1.1 Summary of Registers by Type
2. CLB Logic Distribution
3. BLOCKRAM
4. ARITHMETIC
5. I/O
6. CLOCK
7. ADVANCED
8. CONFIGURATION
9. Primitives
10. Black Boxes
11. Instantiated Netlists

1. CLB Logic
------------

+-------------------------+------+-------+------------+-----------+-------+
|        Site Type        | Used | Fixed | Prohibited | Available | Util% |
+-------------------------+------+-------+------------+-----------+-------+
| CLB LUTs                |  113 |     0 |          0 |     37440 |  0.30 |
|   LUT as Logic          |  113 |     0 |          0 |     37440 |  0.30 |
|   LUT as Memory         |    0 |     0 |          0 |     17280 |  0.00 |
| CLB Registers           |  105 |     0 |          0 |     74880 |  0.14 |
|   Register as Flip Flop |  105 |     0 |          0 |     74880 |  0.14 |
|   Register as Latch     |    0 |     0 |          0 |     74880 |  0.00 |
| CARRY8                  |   12 |     0 |          0 |      4680 |  0.26 |
| F7 Muxes                |    0 |     0 |          0 |     18720 |  0.00 |
| F8 Muxes                |    0 |     0 |          0 |      9360 |  0.00 |
| F9 Muxes                |    0 |     0 |          0 |      4680 |  0.00 |
+-------------------------+------+-------+------------+-----------+-------+
* Warning! LUT value is adjusted to account for LUT combining.


1.1 Summary of Registers by Type
--------------------------------

+-------+--------------+-------------+--------------+
| Total | Clock Enable | Synchronous | Asynchronous |
+-------+--------------+-------------+--------------+
| 0     |            _ |           - |            - |
| 0     |            _ |           - |          Set |
| 0     |            _ |           - |        Reset |
| 0     |            _ |         Set |            - |
| 0     |            _ |       Reset |            - |
| 0     |          Yes |           - |            - |
| 0     |          Yes |           - |          Set |
| 105   |          Yes |           - |        Reset |
| 0     |          Yes |         Set |            - |
| 0     |          Yes |       Reset |            - |
+-------+--------------+-------------+--------------+


2. CLB Logic Distribution
-------------------------

+--------------------------------------------+------+-------+------------+-----------+-------+
|                  Site Type                 | Used | Fixed | Prohibited | Available | Util% |
+--------------------------------------------+------+-------+------------+-----------+-------+
| CLB                                        |   25 |     0 |          0 |      4680 |  0.53 |
|   CLBL                                     |   18 |     0 |            |           |       |
|   CLBM                                     |    7 |     0 |            |           |       |
| LUT as Logic                               |  113 |     0 |          0 |     37440 |  0.30 |
|   using O5 output only                     |    1 |       |            |           |       |
|   using O6 output only                     |   64 |       |            |           |       |
|   using O5 and O6                          |   48 |       |            |           |       |
| LUT as Memory                              |    0 |     0 |          0 |     17280 |  0.00 |
|   LUT as Distributed RAM                   |    0 |     0 |            |           |       |
|     using O5 output only                   |    0 |       |            |           |       |
|     using O6 output only                   |    0 |       |            |           |       |
|     using O5 and O6                        |    0 |       |            |           |       |
|   LUT as Shift Register                    |    0 |     0 |            |           |       |
|     using O5 output only                   |    0 |       |            |           |       |
|     using O6 output only                   |    0 |       |            |           |       |
|     using O5 and O6                        |    0 |       |            |           |       |
| CLB Registers                              |  105 |     0 |          0 |     74880 |  0.14 |
|   Register driven from within the CLB      |   35 |       |            |           |       |
|   Register driven from outside the CLB     |   70 |       |            |           |       |
|     LUT in front of the register is unused |   55 |       |            |           |       |
|     LUT in front of the register is used   |   15 |       |            |           |       |
| Unique Control Sets                        |    5 |       |          0 |      9360 |  0.05 |
+--------------------------------------------+------+-------+------------+-----------+-------+
* * Note: Available Control Sets calculated as Slices * 2, Review the Control Sets Report for more information regarding control sets.


3. BLOCKRAM
-----------

+----------------+------+-------+------------+-----------+-------+
|    Site Type   | Used | Fixed | Prohibited | Available | Util% |
+----------------+------+-------+------------+-----------+-------+
| Block RAM Tile |    0 |     0 |          0 |       108 |  0.00 |
|   RAMB36/FIFO* |    0 |     0 |          0 |       108 |  0.00 |
|   RAMB18       |    0 |     0 |          0 |       216 |  0.00 |
+----------------+------+-------+------------+-----------+-------+
* Note: Each Block RAM Tile only has one FIFO logic available and therefore can accommodate only one FIFO36E2 or one FIFO18E2. However, if a FIFO18E2 occupies a Block RAM Tile, that tile can still accommodate a RAMB18E2


4. ARITHMETIC
-------------

+-----------+------+-------+------------+-----------+-------+
| Site Type | Used | Fixed | Prohibited | Available | Util% |
+-----------+------+-------+------------+-----------+-------+
| DSPs      |    0 |     0 |          0 |       216 |  0.00 |
+-----------+------+-------+------------+-----------+-------+


5. I/O
------

+------------------+------+-------+------------+-----------+-------+
|     Site Type    | Used | Fixed | Prohibited | Available | Util% |
+------------------+------+-------+------------+-----------+-------+
| Bonded IOB       |   47 |    47 |          0 |       130 | 36.15 |
| HPIOB_M          |   24 |    24 |          0 |        26 | 92.31 |
|   INPUT          |    8 |       |            |           |       |
|   OUTPUT         |   16 |       |            |           |       |
|   BIDIR          |    0 |       |            |           |       |
| HPIOB_S          |   23 |    23 |          0 |        26 | 88.46 |
|   INPUT          |    6 |       |            |           |       |
|   OUTPUT         |   17 |       |            |           |       |
|   BIDIR          |    0 |       |            |           |       |
| HDIOB_M          |    0 |     0 |          0 |        36 |  0.00 |
| HDIOB_S          |    0 |     0 |          0 |        36 |  0.00 |
| HPIOB_SNGL       |    0 |     0 |          0 |         6 |  0.00 |
| HPIOBDIFFINBUF   |    0 |     0 |          0 |        48 |  0.00 |
| HPIOBDIFFOUTBUF  |    0 |     0 |          0 |        48 |  0.00 |
| HDIOBDIFFINBUF   |    0 |     0 |          0 |        72 |  0.00 |
| BITSLICE_CONTROL |    0 |     0 |          0 |        16 |  0.00 |
| BITSLICE_RX_TX   |    0 |     0 |          0 |       624 |  0.00 |
| BITSLICE_TX      |    0 |     0 |          0 |        16 |  0.00 |
| RIU_OR           |    0 |     0 |          0 |         8 |  0.00 |
+------------------+------+-------+------------+-----------+-------+


6. CLOCK
--------

+------------+------+-------+------------+-----------+-------+
|  Site Type | Used | Fixed | Prohibited | Available | Util% |
+------------+------+-------+------------+-----------+-------+
| BUFGCE     |    1 |     0 |          0 |        72 |  1.39 |
| BUFGCE_DIV |    0 |     0 |          0 |         8 |  0.00 |
| BUFG_GT    |    0 |     0 |          0 |        24 |  0.00 |
| BUFGCTRL*  |    0 |     0 |          0 |        16 |  0.00 |
| PLL        |    0 |     0 |          0 |         4 |  0.00 |
| MMCM       |    0 |     0 |          0 |         2 |  0.00 |
+------------+------+-------+------------+-----------+-------+
* Note: Each used BUFGCTRL counts as two GLOBAL CLOCK BUFFERs. This table does not include global clocking resources, only buffer cell usage. See the Clock Utilization Report (report_clock_utilization) for detailed accounting of global clocking resource availability.


7. ADVANCED
-----------

+-----------------+------+-------+------------+-----------+-------+
|    Site Type    | Used | Fixed | Prohibited | Available | Util% |
+-----------------+------+-------+------------+-----------+-------+
| GTHE4_CHANNEL   |    0 |     0 |          0 |         4 |  0.00 |
| GTHE4_COMMON    |    0 |     0 |          0 |         1 |  0.00 |
| OBUFDS_GTE4     |    0 |     0 |          0 |         2 |  0.00 |
| OBUFDS_GTE4_ADV |    0 |     0 |          0 |         2 |  0.00 |
| PCIE4CE4        |    0 |     0 |          0 |         1 |  0.00 |
| SYSMONE4        |    0 |     0 |          0 |         1 |  0.00 |
+-----------------+------+-------+------------+-----------+-------+


8. CONFIGURATION
----------------

+-------------+------+-------+------------+-----------+-------+
|  Site Type  | Used | Fixed | Prohibited | Available | Util% |
+-------------+------+-------+------------+-----------+-------+
| BSCANE2     |    0 |     0 |          0 |         4 |  0.00 |
| DNA_PORTE2  |    0 |     0 |          0 |         1 |  0.00 |
| EFUSE_USR   |    0 |     0 |          0 |         1 |  0.00 |
| FRAME_ECCE4 |    0 |     0 |          0 |         1 |  0.00 |
| ICAPE3      |    0 |     0 |          0 |         2 |  0.00 |
| MASTER_JTAG |    0 |     0 |          0 |         1 |  0.00 |
| STARTUPE3   |    0 |     0 |          0 |         1 |  0.00 |
+-------------+------+-------+------------+-----------+-------+


9. Primitives
-------------

+----------+------+---------------------+
| Ref Name | Used | Functional Category |
+----------+------+---------------------+
| FDCE     |  105 |            Register |
| LUT2     |   52 |                 CLB |
| OBUF     |   33 |                 I/O |
| LUT4     |   30 |                 CLB |
| LUT6     |   22 |                 CLB |
| LUT1     |   22 |                 CLB |
| LUT3     |   18 |                 CLB |
| LUT5     |   17 |                 CLB |
| INBUF    |   14 |                 I/O |
| IBUFCTRL |   14 |              Others |
| CARRY8   |   12 |                 CLB |
| BUFGCE   |    1 |               Clock |
+----------+------+---------------------+


10. Black Boxes
---------------

+----------+------+
| Ref Name | Used |
+----------+------+


11. Instantiated Netlists
-------------------------

+----------+------+
| Ref Name | Used |
+----------+------+


