Copyright 1986-2022 Xilinx, Inc. All Rights Reserved. Copyright 2022-2024 Advanced Micro Devices, Inc. All Rights Reserved.
--------------------------------------------------------------------------------------------------------------------------------------------------------------------------------------------------------------------------------
| Tool Version      : Vivado v.2024.2 (win64) Build 5239630 Fri Nov 08 22:35:27 MST 2024
| Date              : Thu Sep  4 19:48:09 2025
| Host              : IMUPOSIBRU running 64-bit major release  (build 9200)
| Command           : report_timing_summary -max_paths 10 -report_unconstrained -file top_module_timing_summary_routed.rpt -pb top_module_timing_summary_routed.pb -rpx top_module_timing_summary_routed.rpx -warn_on_violation
| Design            : top_module
| Device            : xck26-sfvc784
| Speed File        : -2LV  PRODUCTION 1.30 05-15-2022
| Design State      : Routed
| Temperature Grade : C
--------------------------------------------------------------------------------------------------------------------------------------------------------------------------------------------------------------------------------

Timing Summary Report

------------------------------------------------------------------------------------------------
| Timer Settings
| --------------
------------------------------------------------------------------------------------------------

  Enable Multi Corner Analysis               :  Yes
  Enable Pessimism Removal                   :  Yes
  Pessimism Removal Resolution               :  Nearest Common Node
  Enable Input Delay Default Clock           :  No
  Enable Preset / Clear Arcs                 :  No
  Disable Flight Delays                      :  No
  Ignore I/O Paths                           :  No
  Timing Early Launch at Borrowing Latches   :  No
  Borrow Time for Max Delay Exceptions       :  Yes
  Merge Timing Exceptions                    :  Yes
  Inter-SLR Compensation                     :  Conservative

  Corner  Analyze    Analyze    
  Name    Max Paths  Min Paths  
  ------  ---------  ---------  
  Slow    Yes        Yes        
  Fast    Yes        Yes        


------------------------------------------------------------------------------------------------
| Report Methodology
| ------------------
------------------------------------------------------------------------------------------------

Rule       Severity          Description                  Violations  
---------  ----------------  ---------------------------  ----------  
TIMING-17  Critical Warning  Non-clocked sequential cell  107         

Note: This report is based on the most recent report_methodology run and may not be up-to-date. Run report_methodology on the current design for the latest report.



check_timing report

Table of Contents
-----------------
1. checking no_clock (107)
2. checking constant_clock (0)
3. checking pulse_width_clock (0)
4. checking unconstrained_internal_endpoints (290)
5. checking no_input_delay (14)
6. checking no_output_delay (49)
7. checking multiple_clock (0)
8. checking generated_clocks (0)
9. checking loops (0)
10. checking partial_input_delay (0)
11. checking partial_output_delay (0)
12. checking latch_loops (0)

1. checking no_clock (107)
--------------------------
 There are 107 register/latch pins with no clock driven by root clock pin: clk (HIGH)


2. checking constant_clock (0)
------------------------------
 There are 0 register/latch pins with constant_clock.


3. checking pulse_width_clock (0)
---------------------------------
 There are 0 register/latch pins which need pulse_width check


4. checking unconstrained_internal_endpoints (290)
--------------------------------------------------
 There are 290 pins that are not constrained for maximum delay. (HIGH)

 There are 0 pins that are not constrained for maximum delay due to constant clock.


5. checking no_input_delay (14)
-------------------------------
 There are 14 input ports with no input delay specified. (HIGH)

 There are 0 input ports with no input delay but user has a false path constraint.


6. checking no_output_delay (49)
--------------------------------
 There are 49 ports with no output delay specified. (HIGH)

 There are 0 ports with no output delay but user has a false path constraint

 There are 0 ports with no output delay but with a timing clock defined on it or propagating through it


7. checking multiple_clock (0)
------------------------------
 There are 0 register/latch pins with multiple clocks.


8. checking generated_clocks (0)
--------------------------------
 There are 0 generated clocks that are not connected to a clock source.


9. checking loops (0)
---------------------
 There are 0 combinational loops in the design.


10. checking partial_input_delay (0)
------------------------------------
 There are 0 input ports with partial input delay specified.


11. checking partial_output_delay (0)
-------------------------------------
 There are 0 ports with partial output delay specified.


12. checking latch_loops (0)
----------------------------
 There are 0 combinational latch loops in the design through latch input



------------------------------------------------------------------------------------------------
| Design Timing Summary
| ---------------------
------------------------------------------------------------------------------------------------

    WNS(ns)      TNS(ns)  TNS Failing Endpoints  TNS Total Endpoints      WHS(ns)      THS(ns)  THS Failing Endpoints  THS Total Endpoints     WPWS(ns)     TPWS(ns)  TPWS Failing Endpoints  TPWS Total Endpoints  
    -------      -------  ---------------------  -------------------      -------      -------  ---------------------  -------------------     --------     --------  ----------------------  --------------------  
        inf        0.000                      0                  339          inf        0.000                      0                  339           NA           NA                      NA                    NA  


There are no user specified timing constraints.


------------------------------------------------------------------------------------------------
| Clock Summary
| -------------
------------------------------------------------------------------------------------------------


------------------------------------------------------------------------------------------------
| Intra Clock Table
| -----------------
------------------------------------------------------------------------------------------------

Clock             WNS(ns)      TNS(ns)  TNS Failing Endpoints  TNS Total Endpoints      WHS(ns)      THS(ns)  THS Failing Endpoints  THS Total Endpoints     WPWS(ns)     TPWS(ns)  TPWS Failing Endpoints  TPWS Total Endpoints  
-----             -------      -------  ---------------------  -------------------      -------      -------  ---------------------  -------------------     --------     --------  ----------------------  --------------------  


------------------------------------------------------------------------------------------------
| Inter Clock Table
| -----------------
------------------------------------------------------------------------------------------------

From Clock    To Clock          WNS(ns)      TNS(ns)  TNS Failing Endpoints  TNS Total Endpoints      WHS(ns)      THS(ns)  THS Failing Endpoints  THS Total Endpoints  
----------    --------          -------      -------  ---------------------  -------------------      -------      -------  ---------------------  -------------------  


------------------------------------------------------------------------------------------------
| Other Path Groups Table
| -----------------------
------------------------------------------------------------------------------------------------

Path Group    From Clock    To Clock          WNS(ns)      TNS(ns)  TNS Failing Endpoints  TNS Total Endpoints      WHS(ns)      THS(ns)  THS Failing Endpoints  THS Total Endpoints  
----------    ----------    --------          -------      -------  ---------------------  -------------------      -------      -------  ---------------------  -------------------  


------------------------------------------------------------------------------------------------
| User Ignored Path Table
| -----------------------
------------------------------------------------------------------------------------------------

Path Group    From Clock    To Clock    
----------    ----------    --------    


------------------------------------------------------------------------------------------------
| Unconstrained Path Table
| ------------------------
------------------------------------------------------------------------------------------------

Path Group    From Clock    To Clock    
----------    ----------    --------    
(none)                                    


------------------------------------------------------------------------------------------------
| Timing Details
| --------------
------------------------------------------------------------------------------------------------


--------------------------------------------------------------------------------------
Path Group:  (none)
From Clock:  
  To Clock:  

Max Delay           339 Endpoints
Min Delay           339 Endpoints
--------------------------------------------------------------------------------------


Max Delay Paths
--------------------------------------------------------------------------------------
Slack:                    inf
  Source:                 pd_inst/prev_adc_data_reg[2]/C
                            (rising edge-triggered cell FDCE)
  Destination:            li_inst/interpolated_data_reg[9]/D
  Path Group:             (none)
  Path Type:              Max at Slow Process Corner
  Data Path Delay:        5.037ns  (logic 1.461ns (29.005%)  route 3.576ns (70.995%))
  Logic Levels:           9  (CARRY8=5 FDCE=1 LUT2=1 LUT3=2)

    Location             Delay type                Incr(ns)  Path(ns)    Netlist Resource(s)
  -------------------------------------------------------------------    -------------------
    SLICE_X23Y169        FDCE                         0.000     0.000 r  pd_inst/prev_adc_data_reg[2]/C
    SLICE_X23Y169        FDCE (Prop_FFF_SLICEL_C_Q)
                                                      0.113     0.113 r  pd_inst/prev_adc_data_reg[2]/Q
                         net (fo=17, routed)          0.606     0.719    pd_inst/Q[2]
    SLICE_X26Y173        LUT2 (Prop_C6LUT_SLICEL_I0_O)
                                                      0.187     0.906 r  pd_inst/interpolated_data6_carry_i_6/O
                         net (fo=1, routed)           0.015     0.921    li_inst/S[2]
    SLICE_X26Y173        CARRY8 (Prop_CARRY8_SLICEL_S[2]_CO[7])
                                                      0.219     1.140 r  li_inst/interpolated_data6_carry/CO[7]
                         net (fo=1, routed)           0.030     1.170    li_inst/interpolated_data6_carry_n_0
    SLICE_X26Y174        CARRY8 (Prop_CARRY8_SLICEL_CI_CO[4])
                                                      0.128     1.298 r  li_inst/interpolated_data6_carry__0/CO[4]
                         net (fo=24, routed)          0.340     1.638    li_inst/CO[0]
    SLICE_X24Y173        LUT3 (Prop_A6LUT_SLICEM_I1_O)
                                                      0.226     1.864 r  li_inst/interpolated_data1_carry_i_14/O
                         net (fo=1, routed)           0.017     1.881    li_inst/interpolated_data1_carry_i_14_n_0
    SLICE_X24Y173        CARRY8 (Prop_CARRY8_SLICEM_S[0]_O[0])
                                                      0.079     1.960 r  li_inst/interpolated_data1_carry/O[0]
                         net (fo=1, routed)           1.180     3.140    li_inst/interpolated_data1[1]
    SLICE_X23Y173        CARRY8 (Prop_CARRY8_SLICEL_S[0]_CO[7])
                                                      0.278     3.418 r  li_inst/interpolated_data0_carry/CO[7]
                         net (fo=1, routed)           0.030     3.448    li_inst/interpolated_data0_carry_n_0
    SLICE_X23Y174        CARRY8 (Prop_CARRY8_SLICEL_CI_O[0])
                                                      0.078     3.526 r  li_inst/interpolated_data0_carry__0/O[0]
                         net (fo=1, routed)           0.155     3.681    pd_inst/O[0]
    SLICE_X23Y172        LUT3 (Prop_H6LUT_SLICEL_I0_O)
                                                      0.153     3.834 r  pd_inst/interpolated_data[9]_i_1/O
                         net (fo=2, routed)           1.203     5.037    li_inst/D[1]
    SLICE_X23Y172        FDCE                                         r  li_inst/interpolated_data_reg[9]/D
  -------------------------------------------------------------------    -------------------

Slack:                    inf
  Source:                 pd_inst/prev_adc_data_reg[2]/C
                            (rising edge-triggered cell FDCE)
  Destination:            li_inst/interpolated_data_reg[7]/D
  Path Group:             (none)
  Path Type:              Max at Slow Process Corner
  Data Path Delay:        4.822ns  (logic 1.344ns (27.871%)  route 3.478ns (72.129%))
  Logic Levels:           8  (CARRY8=4 FDCE=1 LUT2=1 LUT3=2)

    Location             Delay type                Incr(ns)  Path(ns)    Netlist Resource(s)
  -------------------------------------------------------------------    -------------------
    SLICE_X23Y169        FDCE                         0.000     0.000 r  pd_inst/prev_adc_data_reg[2]/C
    SLICE_X23Y169        FDCE (Prop_FFF_SLICEL_C_Q)
                                                      0.113     0.113 r  pd_inst/prev_adc_data_reg[2]/Q
                         net (fo=17, routed)          0.606     0.719    pd_inst/Q[2]
    SLICE_X26Y173        LUT2 (Prop_C6LUT_SLICEL_I0_O)
                                                      0.187     0.906 r  pd_inst/interpolated_data6_carry_i_6/O
                         net (fo=1, routed)           0.015     0.921    li_inst/S[2]
    SLICE_X26Y173        CARRY8 (Prop_CARRY8_SLICEL_S[2]_CO[7])
                                                      0.219     1.140 r  li_inst/interpolated_data6_carry/CO[7]
                         net (fo=1, routed)           0.030     1.170    li_inst/interpolated_data6_carry_n_0
    SLICE_X26Y174        CARRY8 (Prop_CARRY8_SLICEL_CI_CO[4])
                                                      0.128     1.298 r  li_inst/interpolated_data6_carry__0/CO[4]
                         net (fo=24, routed)          0.340     1.638    li_inst/CO[0]
    SLICE_X24Y173        LUT3 (Prop_A6LUT_SLICEM_I1_O)
                                                      0.226     1.864 r  li_inst/interpolated_data1_carry_i_14/O
                         net (fo=1, routed)           0.017     1.881    li_inst/interpolated_data1_carry_i_14_n_0
    SLICE_X24Y173        CARRY8 (Prop_CARRY8_SLICEM_S[0]_O[0])
                                                      0.079     1.960 r  li_inst/interpolated_data1_carry/O[0]
                         net (fo=1, routed)           1.180     3.140    li_inst/interpolated_data1[1]
    SLICE_X23Y173        CARRY8 (Prop_CARRY8_SLICEL_S[0]_O[6])
                                                      0.311     3.451 r  li_inst/interpolated_data0_carry/O[6]
                         net (fo=1, routed)           0.142     3.593    li_inst/interpolated_data0[7]
    SLICE_X23Y172        LUT3 (Prop_C6LUT_SLICEL_I0_O)
                                                      0.081     3.674 r  li_inst/interpolated_data[7]_i_1/O
                         net (fo=2, routed)           1.148     4.822    li_inst/interpolated_data[7]_i_1_n_0
    SLICE_X23Y172        FDCE                                         r  li_inst/interpolated_data_reg[7]/D
  -------------------------------------------------------------------    -------------------

Slack:                    inf
  Source:                 pd_inst/prev_adc_data_reg[2]/C
                            (rising edge-triggered cell FDCE)
  Destination:            li_inst/interpolated_data_reg[4]/D
  Path Group:             (none)
  Path Type:              Max at Slow Process Corner
  Data Path Delay:        4.797ns  (logic 1.297ns (27.037%)  route 3.500ns (72.963%))
  Logic Levels:           8  (CARRY8=4 FDCE=1 LUT2=1 LUT3=2)

    Location             Delay type                Incr(ns)  Path(ns)    Netlist Resource(s)
  -------------------------------------------------------------------    -------------------
    SLICE_X23Y169        FDCE                         0.000     0.000 r  pd_inst/prev_adc_data_reg[2]/C
    SLICE_X23Y169        FDCE (Prop_FFF_SLICEL_C_Q)
                                                      0.113     0.113 r  pd_inst/prev_adc_data_reg[2]/Q
                         net (fo=17, routed)          0.606     0.719    pd_inst/Q[2]
    SLICE_X26Y173        LUT2 (Prop_C6LUT_SLICEL_I0_O)
                                                      0.187     0.906 r  pd_inst/interpolated_data6_carry_i_6/O
                         net (fo=1, routed)           0.015     0.921    li_inst/S[2]
    SLICE_X26Y173        CARRY8 (Prop_CARRY8_SLICEL_S[2]_CO[7])
                                                      0.219     1.140 r  li_inst/interpolated_data6_carry/CO[7]
                         net (fo=1, routed)           0.030     1.170    li_inst/interpolated_data6_carry_n_0
    SLICE_X26Y174        CARRY8 (Prop_CARRY8_SLICEL_CI_CO[4])
                                                      0.128     1.298 r  li_inst/interpolated_data6_carry__0/CO[4]
                         net (fo=24, routed)          0.340     1.638    li_inst/CO[0]
    SLICE_X24Y173        LUT3 (Prop_A6LUT_SLICEM_I1_O)
                                                      0.226     1.864 r  li_inst/interpolated_data1_carry_i_14/O
                         net (fo=1, routed)           0.017     1.881    li_inst/interpolated_data1_carry_i_14_n_0
    SLICE_X24Y173        CARRY8 (Prop_CARRY8_SLICEM_S[0]_O[0])
                                                      0.079     1.960 r  li_inst/interpolated_data1_carry/O[0]
                         net (fo=1, routed)           1.180     3.140    li_inst/interpolated_data1[1]
    SLICE_X23Y173        CARRY8 (Prop_CARRY8_SLICEL_S[0]_O[3])
                                                      0.193     3.333 r  li_inst/interpolated_data0_carry/O[3]
                         net (fo=1, routed)           0.149     3.482    li_inst/interpolated_data0[4]
    SLICE_X23Y172        LUT3 (Prop_D5LUT_SLICEL_I0_O)
                                                      0.152     3.634 r  li_inst/interpolated_data[4]_i_1/O
                         net (fo=2, routed)           1.163     4.797    li_inst/interpolated_data[4]_i_1_n_0
    SLICE_X23Y172        FDCE                                         r  li_inst/interpolated_data_reg[4]/D
  -------------------------------------------------------------------    -------------------

Slack:                    inf
  Source:                 pd_inst/prev_adc_data_reg[2]/C
                            (rising edge-triggered cell FDCE)
  Destination:            li_inst/interpolated_data_reg[12]/D
  Path Group:             (none)
  Path Type:              Max at Slow Process Corner
  Data Path Delay:        4.792ns  (logic 1.481ns (30.904%)  route 3.311ns (69.096%))
  Logic Levels:           9  (CARRY8=5 FDCE=1 LUT2=2 LUT3=1)

    Location             Delay type                Incr(ns)  Path(ns)    Netlist Resource(s)
  -------------------------------------------------------------------    -------------------
    SLICE_X23Y169        FDCE                         0.000     0.000 r  pd_inst/prev_adc_data_reg[2]/C
    SLICE_X23Y169        FDCE (Prop_FFF_SLICEL_C_Q)
                                                      0.113     0.113 r  pd_inst/prev_adc_data_reg[2]/Q
                         net (fo=17, routed)          0.606     0.719    pd_inst/Q[2]
    SLICE_X26Y173        LUT2 (Prop_C6LUT_SLICEL_I0_O)
                                                      0.187     0.906 r  pd_inst/interpolated_data6_carry_i_6/O
                         net (fo=1, routed)           0.015     0.921    li_inst/S[2]
    SLICE_X26Y173        CARRY8 (Prop_CARRY8_SLICEL_S[2]_CO[7])
                                                      0.219     1.140 r  li_inst/interpolated_data6_carry/CO[7]
                         net (fo=1, routed)           0.030     1.170    li_inst/interpolated_data6_carry_n_0
    SLICE_X26Y174        CARRY8 (Prop_CARRY8_SLICEL_CI_CO[4])
                                                      0.128     1.298 r  li_inst/interpolated_data6_carry__0/CO[4]
                         net (fo=24, routed)          0.340     1.638    li_inst/CO[0]
    SLICE_X24Y173        LUT3 (Prop_A6LUT_SLICEM_I1_O)
                                                      0.226     1.864 r  li_inst/interpolated_data1_carry_i_14/O
                         net (fo=1, routed)           0.017     1.881    li_inst/interpolated_data1_carry_i_14_n_0
    SLICE_X24Y173        CARRY8 (Prop_CARRY8_SLICEM_S[0]_O[0])
                                                      0.079     1.960 r  li_inst/interpolated_data1_carry/O[0]
                         net (fo=1, routed)           1.180     3.140    li_inst/interpolated_data1[1]
    SLICE_X23Y173        CARRY8 (Prop_CARRY8_SLICEL_S[0]_CO[7])
                                                      0.278     3.418 r  li_inst/interpolated_data0_carry/CO[7]
                         net (fo=1, routed)           0.030     3.448    li_inst/interpolated_data0_carry_n_0
    SLICE_X23Y174        CARRY8 (Prop_CARRY8_SLICEL_CI_O[3])
                                                      0.114     3.562 r  li_inst/interpolated_data0_carry__0/O[3]
                         net (fo=1, routed)           0.202     3.764    pd_inst/O[3]
    SLICE_X24Y172        LUT2 (Prop_B6LUT_SLICEM_I1_O)
                                                      0.137     3.901 r  pd_inst/interpolated_data[12]_i_1/O
                         net (fo=2, routed)           0.891     4.792    li_inst/D[4]
    SLICE_X22Y173        FDCE                                         r  li_inst/interpolated_data_reg[12]/D
  -------------------------------------------------------------------    -------------------

Slack:                    inf
  Source:                 pd_inst/prev_adc_data_reg[2]/C
                            (rising edge-triggered cell FDCE)
  Destination:            li_inst/interpolated_data_reg[15]/D
  Path Group:             (none)
  Path Type:              Max at Slow Process Corner
  Data Path Delay:        4.732ns  (logic 1.456ns (30.769%)  route 3.276ns (69.231%))
  Logic Levels:           9  (CARRY8=5 FDCE=1 LUT2=2 LUT3=1)

    Location             Delay type                Incr(ns)  Path(ns)    Netlist Resource(s)
  -------------------------------------------------------------------    -------------------
    SLICE_X23Y169        FDCE                         0.000     0.000 r  pd_inst/prev_adc_data_reg[2]/C
    SLICE_X23Y169        FDCE (Prop_FFF_SLICEL_C_Q)
                                                      0.113     0.113 r  pd_inst/prev_adc_data_reg[2]/Q
                         net (fo=17, routed)          0.606     0.719    pd_inst/Q[2]
    SLICE_X26Y173        LUT2 (Prop_C6LUT_SLICEL_I0_O)
                                                      0.187     0.906 r  pd_inst/interpolated_data6_carry_i_6/O
                         net (fo=1, routed)           0.015     0.921    li_inst/S[2]
    SLICE_X26Y173        CARRY8 (Prop_CARRY8_SLICEL_S[2]_CO[7])
                                                      0.219     1.140 r  li_inst/interpolated_data6_carry/CO[7]
                         net (fo=1, routed)           0.030     1.170    li_inst/interpolated_data6_carry_n_0
    SLICE_X26Y174        CARRY8 (Prop_CARRY8_SLICEL_CI_CO[4])
                                                      0.128     1.298 r  li_inst/interpolated_data6_carry__0/CO[4]
                         net (fo=24, routed)          0.340     1.638    li_inst/CO[0]
    SLICE_X24Y173        LUT3 (Prop_A6LUT_SLICEM_I1_O)
                                                      0.226     1.864 r  li_inst/interpolated_data1_carry_i_14/O
                         net (fo=1, routed)           0.017     1.881    li_inst/interpolated_data1_carry_i_14_n_0
    SLICE_X24Y173        CARRY8 (Prop_CARRY8_SLICEM_S[0]_O[0])
                                                      0.079     1.960 r  li_inst/interpolated_data1_carry/O[0]
                         net (fo=1, routed)           1.180     3.140    li_inst/interpolated_data1[1]
    SLICE_X23Y173        CARRY8 (Prop_CARRY8_SLICEL_S[0]_CO[7])
                                                      0.278     3.418 f  li_inst/interpolated_data0_carry/CO[7]
                         net (fo=1, routed)           0.030     3.448    li_inst/interpolated_data0_carry_n_0
    SLICE_X23Y174        CARRY8 (Prop_CARRY8_SLICEL_CI_CO[6])
                                                      0.129     3.577 f  li_inst/interpolated_data0_carry__0/CO[6]
                         net (fo=1, routed)           0.151     3.728    pd_inst/interpolated_data_reg[15][0]
    SLICE_X23Y172        LUT2 (Prop_B5LUT_SLICEL_I1_O)
                                                      0.097     3.825 r  pd_inst/interpolated_data[15]_i_1/O
                         net (fo=2, routed)           0.907     4.732    li_inst/D[7]
    SLICE_X23Y172        FDCE                                         r  li_inst/interpolated_data_reg[15]/D
  -------------------------------------------------------------------    -------------------

Slack:                    inf
  Source:                 pd_inst/prev_adc_data_reg[2]/C
                            (rising edge-triggered cell FDCE)
  Destination:            li_inst/interpolated_data_reg[11]/D
  Path Group:             (none)
  Path Type:              Max at Slow Process Corner
  Data Path Delay:        4.624ns  (logic 1.461ns (31.596%)  route 3.163ns (68.404%))
  Logic Levels:           9  (CARRY8=5 FDCE=1 LUT2=1 LUT3=2)

    Location             Delay type                Incr(ns)  Path(ns)    Netlist Resource(s)
  -------------------------------------------------------------------    -------------------
    SLICE_X23Y169        FDCE                         0.000     0.000 r  pd_inst/prev_adc_data_reg[2]/C
    SLICE_X23Y169        FDCE (Prop_FFF_SLICEL_C_Q)
                                                      0.113     0.113 r  pd_inst/prev_adc_data_reg[2]/Q
                         net (fo=17, routed)          0.606     0.719    pd_inst/Q[2]
    SLICE_X26Y173        LUT2 (Prop_C6LUT_SLICEL_I0_O)
                                                      0.187     0.906 r  pd_inst/interpolated_data6_carry_i_6/O
                         net (fo=1, routed)           0.015     0.921    li_inst/S[2]
    SLICE_X26Y173        CARRY8 (Prop_CARRY8_SLICEL_S[2]_CO[7])
                                                      0.219     1.140 r  li_inst/interpolated_data6_carry/CO[7]
                         net (fo=1, routed)           0.030     1.170    li_inst/interpolated_data6_carry_n_0
    SLICE_X26Y174        CARRY8 (Prop_CARRY8_SLICEL_CI_CO[4])
                                                      0.128     1.298 r  li_inst/interpolated_data6_carry__0/CO[4]
                         net (fo=24, routed)          0.340     1.638    li_inst/CO[0]
    SLICE_X24Y173        LUT3 (Prop_A6LUT_SLICEM_I1_O)
                                                      0.226     1.864 r  li_inst/interpolated_data1_carry_i_14/O
                         net (fo=1, routed)           0.017     1.881    li_inst/interpolated_data1_carry_i_14_n_0
    SLICE_X24Y173        CARRY8 (Prop_CARRY8_SLICEM_S[0]_O[0])
                                                      0.079     1.960 r  li_inst/interpolated_data1_carry/O[0]
                         net (fo=1, routed)           1.180     3.140    li_inst/interpolated_data1[1]
    SLICE_X23Y173        CARRY8 (Prop_CARRY8_SLICEL_S[0]_CO[7])
                                                      0.278     3.418 r  li_inst/interpolated_data0_carry/CO[7]
                         net (fo=1, routed)           0.030     3.448    li_inst/interpolated_data0_carry_n_0
    SLICE_X23Y174        CARRY8 (Prop_CARRY8_SLICEL_CI_O[2])
                                                      0.093     3.541 r  li_inst/interpolated_data0_carry__0/O[2]
                         net (fo=1, routed)           0.210     3.751    pd_inst/O[2]
    SLICE_X23Y172        LUT3 (Prop_B6LUT_SLICEL_I0_O)
                                                      0.138     3.889 r  pd_inst/interpolated_data[11]_i_1/O
                         net (fo=2, routed)           0.735     4.624    li_inst/D[3]
    SLICE_X22Y173        FDCE                                         r  li_inst/interpolated_data_reg[11]/D
  -------------------------------------------------------------------    -------------------

Slack:                    inf
  Source:                 pd_inst/prev_adc_data_reg[2]/C
                            (rising edge-triggered cell FDCE)
  Destination:            li_inst/interpolated_data_reg[14]_lopt_replica/D
  Path Group:             (none)
  Path Type:              Max at Slow Process Corner
  Data Path Delay:        4.501ns  (logic 1.543ns (34.281%)  route 2.958ns (65.719%))
  Logic Levels:           9  (CARRY8=5 FDCE=1 LUT2=2 LUT3=1)

    Location             Delay type                Incr(ns)  Path(ns)    Netlist Resource(s)
  -------------------------------------------------------------------    -------------------
    SLICE_X23Y169        FDCE                         0.000     0.000 r  pd_inst/prev_adc_data_reg[2]/C
    SLICE_X23Y169        FDCE (Prop_FFF_SLICEL_C_Q)
                                                      0.113     0.113 r  pd_inst/prev_adc_data_reg[2]/Q
                         net (fo=17, routed)          0.606     0.719    pd_inst/Q[2]
    SLICE_X26Y173        LUT2 (Prop_C6LUT_SLICEL_I0_O)
                                                      0.187     0.906 r  pd_inst/interpolated_data6_carry_i_6/O
                         net (fo=1, routed)           0.015     0.921    li_inst/S[2]
    SLICE_X26Y173        CARRY8 (Prop_CARRY8_SLICEL_S[2]_CO[7])
                                                      0.219     1.140 r  li_inst/interpolated_data6_carry/CO[7]
                         net (fo=1, routed)           0.030     1.170    li_inst/interpolated_data6_carry_n_0
    SLICE_X26Y174        CARRY8 (Prop_CARRY8_SLICEL_CI_CO[4])
                                                      0.128     1.298 r  li_inst/interpolated_data6_carry__0/CO[4]
                         net (fo=24, routed)          0.340     1.638    li_inst/CO[0]
    SLICE_X24Y173        LUT3 (Prop_A6LUT_SLICEM_I1_O)
                                                      0.226     1.864 r  li_inst/interpolated_data1_carry_i_14/O
                         net (fo=1, routed)           0.017     1.881    li_inst/interpolated_data1_carry_i_14_n_0
    SLICE_X24Y173        CARRY8 (Prop_CARRY8_SLICEM_S[0]_O[0])
                                                      0.079     1.960 r  li_inst/interpolated_data1_carry/O[0]
                         net (fo=1, routed)           1.180     3.140    li_inst/interpolated_data1[1]
    SLICE_X23Y173        CARRY8 (Prop_CARRY8_SLICEL_S[0]_CO[7])
                                                      0.278     3.418 r  li_inst/interpolated_data0_carry/CO[7]
                         net (fo=1, routed)           0.030     3.448    li_inst/interpolated_data0_carry_n_0
    SLICE_X23Y174        CARRY8 (Prop_CARRY8_SLICEL_CI_O[5])
                                                      0.161     3.609 r  li_inst/interpolated_data0_carry__0/O[5]
                         net (fo=1, routed)           0.216     3.825    pd_inst/O[5]
    SLICE_X24Y172        LUT2 (Prop_A6LUT_SLICEM_I1_O)
                                                      0.152     3.977 r  pd_inst/interpolated_data[14]_i_1/O
                         net (fo=2, routed)           0.524     4.501    li_inst/D[6]
    SLICE_X23Y172        FDCE                                         r  li_inst/interpolated_data_reg[14]_lopt_replica/D
  -------------------------------------------------------------------    -------------------

Slack:                    inf
  Source:                 pd_inst/prev_adc_data_reg[2]/C
                            (rising edge-triggered cell FDCE)
  Destination:            li_inst/interpolated_data_reg[10]_lopt_replica/D
  Path Group:             (none)
  Path Type:              Max at Slow Process Corner
  Data Path Delay:        4.483ns  (logic 1.530ns (34.125%)  route 2.953ns (65.875%))
  Logic Levels:           9  (CARRY8=5 FDCE=1 LUT2=1 LUT3=2)

    Location             Delay type                Incr(ns)  Path(ns)    Netlist Resource(s)
  -------------------------------------------------------------------    -------------------
    SLICE_X23Y169        FDCE                         0.000     0.000 r  pd_inst/prev_adc_data_reg[2]/C
    SLICE_X23Y169        FDCE (Prop_FFF_SLICEL_C_Q)
                                                      0.113     0.113 r  pd_inst/prev_adc_data_reg[2]/Q
                         net (fo=17, routed)          0.606     0.719    pd_inst/Q[2]
    SLICE_X26Y173        LUT2 (Prop_C6LUT_SLICEL_I0_O)
                                                      0.187     0.906 r  pd_inst/interpolated_data6_carry_i_6/O
                         net (fo=1, routed)           0.015     0.921    li_inst/S[2]
    SLICE_X26Y173        CARRY8 (Prop_CARRY8_SLICEL_S[2]_CO[7])
                                                      0.219     1.140 r  li_inst/interpolated_data6_carry/CO[7]
                         net (fo=1, routed)           0.030     1.170    li_inst/interpolated_data6_carry_n_0
    SLICE_X26Y174        CARRY8 (Prop_CARRY8_SLICEL_CI_CO[4])
                                                      0.128     1.298 r  li_inst/interpolated_data6_carry__0/CO[4]
                         net (fo=24, routed)          0.340     1.638    li_inst/CO[0]
    SLICE_X24Y173        LUT3 (Prop_A6LUT_SLICEM_I1_O)
                                                      0.226     1.864 r  li_inst/interpolated_data1_carry_i_14/O
                         net (fo=1, routed)           0.017     1.881    li_inst/interpolated_data1_carry_i_14_n_0
    SLICE_X24Y173        CARRY8 (Prop_CARRY8_SLICEM_S[0]_O[0])
                                                      0.079     1.960 r  li_inst/interpolated_data1_carry/O[0]
                         net (fo=1, routed)           1.180     3.140    li_inst/interpolated_data1[1]
    SLICE_X23Y173        CARRY8 (Prop_CARRY8_SLICEL_S[0]_CO[7])
                                                      0.278     3.418 r  li_inst/interpolated_data0_carry/CO[7]
                         net (fo=1, routed)           0.030     3.448    li_inst/interpolated_data0_carry_n_0
    SLICE_X23Y174        CARRY8 (Prop_CARRY8_SLICEL_CI_O[1])
                                                      0.106     3.554 r  li_inst/interpolated_data0_carry__0/O[1]
                         net (fo=1, routed)           0.219     3.773    pd_inst/O[1]
    SLICE_X24Y172        LUT3 (Prop_A5LUT_SLICEM_I0_O)
                                                      0.194     3.967 r  pd_inst/interpolated_data[10]_i_1/O
                         net (fo=2, routed)           0.516     4.483    li_inst/D[2]
    SLICE_X23Y172        FDCE                                         r  li_inst/interpolated_data_reg[10]_lopt_replica/D
  -------------------------------------------------------------------    -------------------

Slack:                    inf
  Source:                 pd_inst/prev_adc_data_reg[2]/C
                            (rising edge-triggered cell FDCE)
  Destination:            li_inst/interpolated_data_reg[1]/D
  Path Group:             (none)
  Path Type:              Max at Slow Process Corner
  Data Path Delay:        4.372ns  (logic 1.249ns (28.566%)  route 3.123ns (71.434%))
  Logic Levels:           8  (CARRY8=4 FDCE=1 LUT2=1 LUT3=2)

    Location             Delay type                Incr(ns)  Path(ns)    Netlist Resource(s)
  -------------------------------------------------------------------    -------------------
    SLICE_X23Y169        FDCE                         0.000     0.000 r  pd_inst/prev_adc_data_reg[2]/C
    SLICE_X23Y169        FDCE (Prop_FFF_SLICEL_C_Q)
                                                      0.113     0.113 r  pd_inst/prev_adc_data_reg[2]/Q
                         net (fo=17, routed)          0.606     0.719    pd_inst/Q[2]
    SLICE_X26Y173        LUT2 (Prop_C6LUT_SLICEL_I0_O)
                                                      0.187     0.906 r  pd_inst/interpolated_data6_carry_i_6/O
                         net (fo=1, routed)           0.015     0.921    li_inst/S[2]
    SLICE_X26Y173        CARRY8 (Prop_CARRY8_SLICEL_S[2]_CO[7])
                                                      0.219     1.140 r  li_inst/interpolated_data6_carry/CO[7]
                         net (fo=1, routed)           0.030     1.170    li_inst/interpolated_data6_carry_n_0
    SLICE_X26Y174        CARRY8 (Prop_CARRY8_SLICEL_CI_CO[4])
                                                      0.128     1.298 r  li_inst/interpolated_data6_carry__0/CO[4]
                         net (fo=24, routed)          0.340     1.638    li_inst/CO[0]
    SLICE_X24Y173        LUT3 (Prop_A6LUT_SLICEM_I1_O)
                                                      0.226     1.864 r  li_inst/interpolated_data1_carry_i_14/O
                         net (fo=1, routed)           0.017     1.881    li_inst/interpolated_data1_carry_i_14_n_0
    SLICE_X24Y173        CARRY8 (Prop_CARRY8_SLICEM_S[0]_O[0])
                                                      0.079     1.960 r  li_inst/interpolated_data1_carry/O[0]
                         net (fo=1, routed)           1.180     3.140    li_inst/interpolated_data1[1]
    SLICE_X23Y173        CARRY8 (Prop_CARRY8_SLICEL_S[0]_O[0])
                                                      0.077     3.217 r  li_inst/interpolated_data0_carry/O[0]
                         net (fo=1, routed)           0.339     3.556    li_inst/interpolated_data0[1]
    SLICE_X24Y172        LUT3 (Prop_D5LUT_SLICEM_I0_O)
                                                      0.220     3.776 r  li_inst/interpolated_data[1]_i_1/O
                         net (fo=2, routed)           0.596     4.372    li_inst/interpolated_data[1]_i_1_n_0
    SLICE_X24Y172        FDCE                                         r  li_inst/interpolated_data_reg[1]/D
  -------------------------------------------------------------------    -------------------

Slack:                    inf
  Source:                 pd_inst/prev_adc_data_reg[2]/C
                            (rising edge-triggered cell FDCE)
  Destination:            li_inst/interpolated_data_reg[10]/D
  Path Group:             (none)
  Path Type:              Max at Slow Process Corner
  Data Path Delay:        4.345ns  (logic 1.530ns (35.209%)  route 2.815ns (64.791%))
  Logic Levels:           9  (CARRY8=5 FDCE=1 LUT2=1 LUT3=2)

    Location             Delay type                Incr(ns)  Path(ns)    Netlist Resource(s)
  -------------------------------------------------------------------    -------------------
    SLICE_X23Y169        FDCE                         0.000     0.000 r  pd_inst/prev_adc_data_reg[2]/C
    SLICE_X23Y169        FDCE (Prop_FFF_SLICEL_C_Q)
                                                      0.113     0.113 r  pd_inst/prev_adc_data_reg[2]/Q
                         net (fo=17, routed)          0.606     0.719    pd_inst/Q[2]
    SLICE_X26Y173        LUT2 (Prop_C6LUT_SLICEL_I0_O)
                                                      0.187     0.906 r  pd_inst/interpolated_data6_carry_i_6/O
                         net (fo=1, routed)           0.015     0.921    li_inst/S[2]
    SLICE_X26Y173        CARRY8 (Prop_CARRY8_SLICEL_S[2]_CO[7])
                                                      0.219     1.140 r  li_inst/interpolated_data6_carry/CO[7]
                         net (fo=1, routed)           0.030     1.170    li_inst/interpolated_data6_carry_n_0
    SLICE_X26Y174        CARRY8 (Prop_CARRY8_SLICEL_CI_CO[4])
                                                      0.128     1.298 r  li_inst/interpolated_data6_carry__0/CO[4]
                         net (fo=24, routed)          0.340     1.638    li_inst/CO[0]
    SLICE_X24Y173        LUT3 (Prop_A6LUT_SLICEM_I1_O)
                                                      0.226     1.864 r  li_inst/interpolated_data1_carry_i_14/O
                         net (fo=1, routed)           0.017     1.881    li_inst/interpolated_data1_carry_i_14_n_0
    SLICE_X24Y173        CARRY8 (Prop_CARRY8_SLICEM_S[0]_O[0])
                                                      0.079     1.960 r  li_inst/interpolated_data1_carry/O[0]
                         net (fo=1, routed)           1.180     3.140    li_inst/interpolated_data1[1]
    SLICE_X23Y173        CARRY8 (Prop_CARRY8_SLICEL_S[0]_CO[7])
                                                      0.278     3.418 r  li_inst/interpolated_data0_carry/CO[7]
                         net (fo=1, routed)           0.030     3.448    li_inst/interpolated_data0_carry_n_0
    SLICE_X23Y174        CARRY8 (Prop_CARRY8_SLICEL_CI_O[1])
                                                      0.106     3.554 r  li_inst/interpolated_data0_carry__0/O[1]
                         net (fo=1, routed)           0.219     3.773    pd_inst/O[1]
    SLICE_X24Y172        LUT3 (Prop_A5LUT_SLICEM_I0_O)
                                                      0.194     3.967 r  pd_inst/interpolated_data[10]_i_1/O
                         net (fo=2, routed)           0.378     4.345    li_inst/D[2]
    SLICE_X24Y172        FDCE                                         r  li_inst/interpolated_data_reg[10]/D
  -------------------------------------------------------------------    -------------------





Min Delay Paths
--------------------------------------------------------------------------------------
Slack:                    inf
  Source:                 pd_inst/prev_adc_data_reg[2]/C
                            (rising edge-triggered cell FDCE)
  Destination:            pd_inst/prev_prev_adc_data_reg[2]/D
  Path Group:             (none)
  Path Type:              Min at Fast Process Corner
  Data Path Delay:        0.156ns  (logic 0.083ns (53.330%)  route 0.073ns (46.670%))
  Logic Levels:           1  (FDCE=1)

    Location             Delay type                Incr(ns)  Path(ns)    Netlist Resource(s)
  -------------------------------------------------------------------    -------------------
    SLICE_X23Y169        FDCE                         0.000     0.000 r  pd_inst/prev_adc_data_reg[2]/C
    SLICE_X23Y169        FDCE (Prop_FFF_SLICEL_C_Q)
                                                      0.083     0.083 r  pd_inst/prev_adc_data_reg[2]/Q
                         net (fo=17, routed)          0.073     0.156    pd_inst/Q[2]
    SLICE_X23Y171        FDCE                                         r  pd_inst/prev_prev_adc_data_reg[2]/D
  -------------------------------------------------------------------    -------------------

Slack:                    inf
  Source:                 pd_inst/prev_adc_data_reg[3]/C
                            (rising edge-triggered cell FDCE)
  Destination:            pd_inst/prev_prev_adc_data_reg[3]/D
  Path Group:             (none)
  Path Type:              Min at Fast Process Corner
  Data Path Delay:        0.164ns  (logic 0.085ns (51.945%)  route 0.079ns (48.055%))
  Logic Levels:           1  (FDCE=1)

    Location             Delay type                Incr(ns)  Path(ns)    Netlist Resource(s)
  -------------------------------------------------------------------    -------------------
    SLICE_X23Y169        FDCE                         0.000     0.000 r  pd_inst/prev_adc_data_reg[3]/C
    SLICE_X23Y169        FDCE (Prop_FFF2_SLICEL_C_Q)
                                                      0.085     0.085 r  pd_inst/prev_adc_data_reg[3]/Q
                         net (fo=17, routed)          0.079     0.164    pd_inst/Q[3]
    SLICE_X23Y171        FDCE                                         r  pd_inst/prev_prev_adc_data_reg[3]/D
  -------------------------------------------------------------------    -------------------

Slack:                    inf
  Source:                 pd_inst/prev_adc_data_reg[9]/C
                            (rising edge-triggered cell FDCE)
  Destination:            pd_inst/prev_prev_adc_data_reg[9]/D
  Path Group:             (none)
  Path Type:              Min at Fast Process Corner
  Data Path Delay:        0.165ns  (logic 0.085ns (51.502%)  route 0.080ns (48.498%))
  Logic Levels:           1  (FDCE=1)

    Location             Delay type                Incr(ns)  Path(ns)    Netlist Resource(s)
  -------------------------------------------------------------------    -------------------
    SLICE_X23Y168        FDCE                         0.000     0.000 r  pd_inst/prev_adc_data_reg[9]/C
    SLICE_X23Y168        FDCE (Prop_FFF2_SLICEL_C_Q)
                                                      0.085     0.085 r  pd_inst/prev_adc_data_reg[9]/Q
                         net (fo=17, routed)          0.080     0.165    pd_inst/Q[9]
    SLICE_X23Y171        FDCE                                         r  pd_inst/prev_prev_adc_data_reg[9]/D
  -------------------------------------------------------------------    -------------------

Slack:                    inf
  Source:                 ic_inst/integral_sum_reg[19]/C
                            (rising edge-triggered cell FDCE)
  Destination:            ic_inst/integral_sum_reg[19]/D
  Path Group:             (none)
  Path Type:              Min at Fast Process Corner
  Data Path Delay:        0.167ns  (logic 0.103ns (61.811%)  route 0.064ns (38.189%))
  Logic Levels:           2  (CARRY8=1 FDCE=1)

    Location             Delay type                Incr(ns)  Path(ns)    Netlist Resource(s)
  -------------------------------------------------------------------    -------------------
    SLICE_X23Y184        FDCE                         0.000     0.000 r  ic_inst/integral_sum_reg[19]/C
    SLICE_X23Y184        FDCE (Prop_DFF_SLICEL_C_Q)
                                                      0.084     0.084 r  ic_inst/integral_sum_reg[19]/Q
                         net (fo=2, routed)           0.056     0.140    ic_inst/integral_value_OBUF[19]
    SLICE_X23Y184        CARRY8 (Prop_CARRY8_SLICEL_S[3]_O[3])
                                                      0.019     0.159 r  ic_inst/integral_sum_reg[16]_i_1/O[3]
                         net (fo=1, routed)           0.008     0.167    ic_inst/integral_sum_reg[16]_i_1_n_12
    SLICE_X23Y184        FDCE                                         r  ic_inst/integral_sum_reg[19]/D
  -------------------------------------------------------------------    -------------------

Slack:                    inf
  Source:                 ic_inst/integral_sum_reg[27]/C
                            (rising edge-triggered cell FDCE)
  Destination:            ic_inst/integral_sum_reg[27]/D
  Path Group:             (none)
  Path Type:              Min at Fast Process Corner
  Data Path Delay:        0.167ns  (logic 0.103ns (61.811%)  route 0.064ns (38.189%))
  Logic Levels:           2  (CARRY8=1 FDCE=1)

    Location             Delay type                Incr(ns)  Path(ns)    Netlist Resource(s)
  -------------------------------------------------------------------    -------------------
    SLICE_X23Y185        FDCE                         0.000     0.000 r  ic_inst/integral_sum_reg[27]/C
    SLICE_X23Y185        FDCE (Prop_DFF_SLICEL_C_Q)
                                                      0.084     0.084 r  ic_inst/integral_sum_reg[27]/Q
                         net (fo=2, routed)           0.056     0.140    ic_inst/integral_value_OBUF[27]
    SLICE_X23Y185        CARRY8 (Prop_CARRY8_SLICEL_S[3]_O[3])
                                                      0.019     0.159 r  ic_inst/integral_sum_reg[24]_i_1/O[3]
                         net (fo=1, routed)           0.008     0.167    ic_inst/integral_sum_reg[24]_i_1_n_12
    SLICE_X23Y185        FDCE                                         r  ic_inst/integral_sum_reg[27]/D
  -------------------------------------------------------------------    -------------------

Slack:                    inf
  Source:                 ic_inst/integral_sum_reg[11]/C
                            (rising edge-triggered cell FDCE)
  Destination:            ic_inst/integral_sum_reg[11]/D
  Path Group:             (none)
  Path Type:              Min at Fast Process Corner
  Data Path Delay:        0.167ns  (logic 0.124ns (74.414%)  route 0.043ns (25.586%))
  Logic Levels:           3  (CARRY8=1 FDCE=1 LUT2=1)

    Location             Delay type                Incr(ns)  Path(ns)    Netlist Resource(s)
  -------------------------------------------------------------------    -------------------
    SLICE_X23Y183        FDCE                         0.000     0.000 r  ic_inst/integral_sum_reg[11]/C
    SLICE_X23Y183        FDCE (Prop_DFF_SLICEL_C_Q)
                                                      0.084     0.084 r  ic_inst/integral_sum_reg[11]/Q
                         net (fo=2, routed)           0.027     0.111    li_inst/integral_value_OBUF[11]
    SLICE_X23Y183        LUT2 (Prop_D6LUT_SLICEL_I1_O)
                                                      0.021     0.132 r  li_inst/integral_sum[8]_i_6/O
                         net (fo=1, routed)           0.008     0.140    li_inst/integral_sum[8]_i_6_n_0
    SLICE_X23Y183        CARRY8 (Prop_CARRY8_SLICEL_S[3]_O[3])
                                                      0.019     0.159 r  li_inst/integral_sum_reg[8]_i_1/O[3]
                         net (fo=1, routed)           0.008     0.167    ic_inst/integral_sum_reg[15]_0[3]
    SLICE_X23Y183        FDCE                                         r  ic_inst/integral_sum_reg[11]/D
  -------------------------------------------------------------------    -------------------

Slack:                    inf
  Source:                 ic_inst/integral_sum_reg[3]/C
                            (rising edge-triggered cell FDCE)
  Destination:            ic_inst/integral_sum_reg[3]/D
  Path Group:             (none)
  Path Type:              Min at Fast Process Corner
  Data Path Delay:        0.167ns  (logic 0.124ns (74.414%)  route 0.043ns (25.586%))
  Logic Levels:           3  (CARRY8=1 FDCE=1 LUT2=1)

    Location             Delay type                Incr(ns)  Path(ns)    Netlist Resource(s)
  -------------------------------------------------------------------    -------------------
    SLICE_X23Y182        FDCE                         0.000     0.000 r  ic_inst/integral_sum_reg[3]/C
    SLICE_X23Y182        FDCE (Prop_DFF_SLICEL_C_Q)
                                                      0.084     0.084 r  ic_inst/integral_sum_reg[3]/Q
                         net (fo=2, routed)           0.027     0.111    li_inst/integral_value_OBUF[3]
    SLICE_X23Y182        LUT2 (Prop_D6LUT_SLICEL_I1_O)
                                                      0.021     0.132 r  li_inst/integral_sum[0]_i_6/O
                         net (fo=1, routed)           0.008     0.140    li_inst/integral_sum[0]_i_6_n_0
    SLICE_X23Y182        CARRY8 (Prop_CARRY8_SLICEL_S[3]_O[3])
                                                      0.019     0.159 r  li_inst/integral_sum_reg[0]_i_1/O[3]
                         net (fo=1, routed)           0.008     0.167    ic_inst/O[3]
    SLICE_X23Y182        FDCE                                         r  ic_inst/integral_sum_reg[3]/D
  -------------------------------------------------------------------    -------------------

Slack:                    inf
  Source:                 ic_inst/integral_sum_reg[17]/C
                            (rising edge-triggered cell FDCE)
  Destination:            ic_inst/integral_sum_reg[17]/D
  Path Group:             (none)
  Path Type:              Min at Fast Process Corner
  Data Path Delay:        0.168ns  (logic 0.103ns (61.443%)  route 0.065ns (38.557%))
  Logic Levels:           2  (CARRY8=1 FDCE=1)

    Location             Delay type                Incr(ns)  Path(ns)    Netlist Resource(s)
  -------------------------------------------------------------------    -------------------
    SLICE_X23Y184        FDCE                         0.000     0.000 r  ic_inst/integral_sum_reg[17]/C
    SLICE_X23Y184        FDCE (Prop_BFF_SLICEL_C_Q)
                                                      0.084     0.084 r  ic_inst/integral_sum_reg[17]/Q
                         net (fo=2, routed)           0.057     0.141    ic_inst/integral_value_OBUF[17]
    SLICE_X23Y184        CARRY8 (Prop_CARRY8_SLICEL_S[1]_O[1])
                                                      0.019     0.160 r  ic_inst/integral_sum_reg[16]_i_1/O[1]
                         net (fo=1, routed)           0.008     0.168    ic_inst/integral_sum_reg[16]_i_1_n_14
    SLICE_X23Y184        FDCE                                         r  ic_inst/integral_sum_reg[17]/D
  -------------------------------------------------------------------    -------------------

Slack:                    inf
  Source:                 ic_inst/integral_sum_reg[1]/C
                            (rising edge-triggered cell FDCE)
  Destination:            ic_inst/integral_sum_reg[1]/D
  Path Group:             (none)
  Path Type:              Min at Fast Process Corner
  Data Path Delay:        0.168ns  (logic 0.125ns (74.566%)  route 0.043ns (25.434%))
  Logic Levels:           3  (CARRY8=1 FDCE=1 LUT2=1)

    Location             Delay type                Incr(ns)  Path(ns)    Netlist Resource(s)
  -------------------------------------------------------------------    -------------------
    SLICE_X23Y182        FDCE                         0.000     0.000 r  ic_inst/integral_sum_reg[1]/C
    SLICE_X23Y182        FDCE (Prop_BFF_SLICEL_C_Q)
                                                      0.084     0.084 r  ic_inst/integral_sum_reg[1]/Q
                         net (fo=2, routed)           0.027     0.111    li_inst/integral_value_OBUF[1]
    SLICE_X23Y182        LUT2 (Prop_B6LUT_SLICEL_I1_O)
                                                      0.022     0.133 r  li_inst/integral_sum[0]_i_8/O
                         net (fo=1, routed)           0.008     0.141    li_inst/integral_sum[0]_i_8_n_0
    SLICE_X23Y182        CARRY8 (Prop_CARRY8_SLICEL_S[1]_O[1])
                                                      0.019     0.160 r  li_inst/integral_sum_reg[0]_i_1/O[1]
                         net (fo=1, routed)           0.008     0.168    ic_inst/O[1]
    SLICE_X23Y182        FDCE                                         r  ic_inst/integral_sum_reg[1]/D
  -------------------------------------------------------------------    -------------------

Slack:                    inf
  Source:                 ic_inst/integral_sum_reg[25]/C
                            (rising edge-triggered cell FDCE)
  Destination:            ic_inst/integral_sum_reg[25]/D
  Path Group:             (none)
  Path Type:              Min at Fast Process Corner
  Data Path Delay:        0.168ns  (logic 0.103ns (61.443%)  route 0.065ns (38.557%))
  Logic Levels:           2  (CARRY8=1 FDCE=1)

    Location             Delay type                Incr(ns)  Path(ns)    Netlist Resource(s)
  -------------------------------------------------------------------    -------------------
    SLICE_X23Y185        FDCE                         0.000     0.000 r  ic_inst/integral_sum_reg[25]/C
    SLICE_X23Y185        FDCE (Prop_BFF_SLICEL_C_Q)
                                                      0.084     0.084 r  ic_inst/integral_sum_reg[25]/Q
                         net (fo=2, routed)           0.057     0.141    ic_inst/integral_value_OBUF[25]
    SLICE_X23Y185        CARRY8 (Prop_CARRY8_SLICEL_S[1]_O[1])
                                                      0.019     0.160 r  ic_inst/integral_sum_reg[24]_i_1/O[1]
                         net (fo=1, routed)           0.008     0.168    ic_inst/integral_sum_reg[24]_i_1_n_14
    SLICE_X23Y185        FDCE                                         r  ic_inst/integral_sum_reg[25]/D
  -------------------------------------------------------------------    -------------------





