Copyright 1986-2022 Xilinx, Inc. All Rights Reserved. Copyright 2022-2024 Advanced Micro Devices, Inc. All Rights Reserved.
---------------------------------------------------------------------------------------------------------------------------------------------
| Tool Version : Vivado v.2024.2 (win64) Build 5239630 Fri Nov 08 22:35:27 MST 2024
| Date         : Thu Sep  4 19:47:52 2025
| Host         : IMUPOSIBRU running 64-bit major release  (build 9200)
| Command      : report_control_sets -verbose -file top_module_control_sets_placed.rpt
| Design       : top_module
| Device       : xck26
---------------------------------------------------------------------------------------------------------------------------------------------

Control Set Information

Table of Contents
-----------------
1. Summary
2. Histogram
3. Flip-Flop Distribution
4. Detailed Control Set Information

1. Summary
----------

+----------------------------------------------------------+-------+
|                          Status                          | Count |
+----------------------------------------------------------+-------+
| Total control sets                                       |     6 |
|    Minimum number of control sets                        |     6 |
|    Addition due to synthesis replication                 |     0 |
|    Addition due to physical synthesis replication        |     0 |
| Unused register locations in slices containing registers |     5 |
+----------------------------------------------------------+-------+
* Control sets can be merged at opt_design using control_set_merge or merge_equivalent_drivers
** Run report_qor_suggestions for automated merging and remapping suggestions


2. Histogram
------------

+--------------------+-------+
|       Fanout       | Count |
+--------------------+-------+
| Total control sets |     6 |
| >= 0 to < 4        |     2 |
| >= 4 to < 6        |     0 |
| >= 6 to < 8        |     0 |
| >= 8 to < 10       |     0 |
| >= 10 to < 12      |     0 |
| >= 12 to < 14      |     1 |
| >= 14 to < 16      |     0 |
| >= 16              |     3 |
+--------------------+-------+
* Control sets can be remapped at either synth_design or opt_design


3. Flip-Flop Distribution
-------------------------

+--------------+-----------------------+------------------------+-----------------+--------------+
| Clock Enable | Synchronous Set/Reset | Asynchronous Set/Reset | Total Registers | Total Slices |
+--------------+-----------------------+------------------------+-----------------+--------------+
| No           | No                    | No                     |               2 |            1 |
| No           | No                    | Yes                    |              27 |            8 |
| No           | Yes                   | No                     |               0 |            0 |
| Yes          | No                    | No                     |               0 |            0 |
| Yes          | No                    | Yes                    |              78 |           13 |
| Yes          | Yes                   | No                     |               0 |            0 |
+--------------+-----------------------+------------------------+-----------------+--------------+


4. Detailed Control Set Information
-----------------------------------

+----------------+-----------------------------------------------+-------------------+------------------+----------------+--------------+
|  Clock Signal  |                 Enable Signal                 |  Set/Reset Signal | Slice Load Count | Bel Load Count | Bels / Slice |
+----------------+-----------------------------------------------+-------------------+------------------+----------------+--------------+
|  clk_IBUF_BUFG |                                               |                   |                1 |              2 |         2.00 |
|  clk_IBUF_BUFG | pd_inst/FSM_sequential_pulse_state[1]_i_1_n_0 | rst_n_IBUF_inst/O |                2 |              2 |         1.00 |
|  clk_IBUF_BUFG | pd_inst/current_pulse_peak_val_0              | rst_n_IBUF_inst/O |                2 |             12 |         6.00 |
|  clk_IBUF_BUFG |                                               | rst_n_IBUF_inst/O |                8 |             27 |         3.38 |
|  clk_IBUF_BUFG | pd_inst/E[0]                                  | rst_n_IBUF_inst/O |                5 |             32 |         6.40 |
|  clk_IBUF_BUFG | li_inst/valid_interpolated_data_i             | rst_n_IBUF_inst/O |                4 |             32 |         8.00 |
+----------------+-----------------------------------------------+-------------------+------------------+----------------+--------------+


