Copyright 1986-2022 Xilinx, Inc. All Rights Reserved. Copyright 2022-2024 Advanced Micro Devices, Inc. All Rights Reserved.
---------------------------------------------------------------------------------------------------------------------------------------------
| Tool Version : Vivado v.2024.2 (win64) Build 5239630 Fri Nov 08 22:35:27 MST 2024
| Date         : Thu Sep  4 19:48:06 2025
| Host         : IMUPOSIBRU running 64-bit major release  (build 9200)
| Command      : report_drc -file top_module_drc_routed.rpt -pb top_module_drc_routed.pb -rpx top_module_drc_routed.rpx
| Design       : top_module
| Device       : xck26-sfvc784-2LV-c
| Speed File   : -2LV
| Design State : Fully Routed
---------------------------------------------------------------------------------------------------------------------------------------------

Report DRC

Table of Contents
-----------------
1. REPORT SUMMARY
2. REPORT DETAILS

1. REPORT SUMMARY
-----------------
            Netlist: netlist
          Floorplan: design_1
      Design limits: <entire design considered>
           Ruledeck: default
             Max checks: <unlimited>
             Checks found: 3
+--------+------------------+-------------------------------+--------+
| Rule   | Severity         | Description                   | Checks |
+--------+------------------+-------------------------------+--------+
| KLOC-1 | Error            | Incorrect Loc for kria boards | 1      |
| NSTD-1 | Critical Warning | Unspecified I/O Standard      | 1      |
| UCIO-1 | Critical Warning | Unconstrained Logical Port    | 1      |
+--------+------------------+-------------------------------+--------+

2. REPORT DETAILS
-----------------
KLOC-1#1 Error
Incorrect Loc for kria boards  
The following port(s) integral_ready are placed on the VRP PACKAGE_PIN G4 in IOBANK 66 respectively.  In Kria K26 System-On-Module, this VRP PACKAGE_PIN is tied to a grounded 240-ohm external reference resistor to support Digitally Controlled Impedance (DCI).  No PORTs can be placed on the Kria K26 VRP PACKAGE_PINs AD6, W9 and G4.  Please check your design
Related violations: <none>

NSTD-1#1 Critical Warning
Unspecified I/O Standard  
64 out of 64 logical ports use I/O standard (IOSTANDARD) value 'DEFAULT', instead of a user assigned specific value. This may cause I/O contention or incompatibility with the board power or connectivity affecting performance, signal integrity or in extreme cases cause damage to the device or the components to which it is connected. To correct this violation, specify all I/O standards. This design will fail to generate a bitstream unless all logical ports have a user specified I/O standard value defined. To allow bitstream creation with unspecified I/O standard values (not recommended), use this command: set_property SEVERITY {Warning} [get_drc_checks NSTD-1].  NOTE: When using the Vivado Runs infrastructure (e.g. launch_runs Tcl command), add this command to a .tcl file and add that file as a pre-hook for write_bitstream step for the implementation run. Problem ports: adc_data[11:0], clk, integral_ready, integral_value[31:0], interp_en,
processed_data[15:0], rst_n.
Related violations: <none>

UCIO-1#1 Critical Warning
Unconstrained Logical Port  
64 out of 64 logical ports have no user assigned specific location constraint (LOC). This may cause I/O contention or incompatibility with the board power or connectivity affecting performance, signal integrity or in extreme cases cause damage to the device or the components to which it is connected. To correct this violation, specify all pin locations. This design will fail to generate a bitstream unless all logical ports have a user specified site LOC constraint defined.  To allow bitstream creation with unspecified pin locations (not recommended), use this command: set_property SEVERITY {Warning} [get_drc_checks UCIO-1].  NOTE: When using the Vivado Runs infrastructure (e.g. launch_runs Tcl command), add this command to a .tcl file and add that file as a pre-hook for write_bitstream step for the implementation run.  Problem ports: adc_data[11:0], clk, integral_ready, integral_value[31:0], interp_en,
processed_data[15:0], rst_n.
Related violations: <none>


