Vivado Simulator v2024.2.0
Copyright 1986-2022 Xilinx, Inc. All Rights Reserved.
Copyright 2022-2024 Advanced Micro Devices, Inc. All Rights Reserved.
Running: C:/Xilinx/Vivado/2024.2/bin/unwrapped/win64.o/xelab.exe --incr --debug typical --relax --mt 2 -L xil_defaultlib -L uvm -L unisims_ver -L unimacro_ver -L secureip --snapshot testbench_behav xil_defaultlib.testbench xil_defaultlib.glbl -log elaborate.log 
Using 2 slave threads.
Starting static elaboration
Pass Through NonSizing Optimizer
WARNING: [VRFC 10-3091] actual bit length 12 differs from formal bit length 16 for port 'processed_data' [C:/Users/wikto/praca_magisterska/masters_project/masters_project.srcs/sim_1/new/testbench.sv:37]
Completed static elaboration
Starting simulation data flow analysis
WARNING: [XSIM 43-4099] "C:/Users/wikto/praca_magisterska/masters_project/masters_project.srcs/sources_1/new/top_module.sv" Line 1. Module top_module doesn't have a timescale but at least one module in design has a timescale.
WARNING: [XSIM 43-4099] "C:/Users/wikto/praca_magisterska/masters_project/masters_project.srcs/sources_1/new/pulse_detector.sv" Line 1. Module pulse_detector doesn't have a timescale but at least one module in design has a timescale.
WARNING: [XSIM 43-4099] "C:/Users/wikto/praca_magisterska/masters_project/masters_project.srcs/sources_1/new/linear_interpolator.sv" Line 1. Module linear_interpolator doesn't have a timescale but at least one module in design has a timescale.
WARNING: [XSIM 43-4099] "C:/Users/wikto/praca_magisterska/masters_project/masters_project.srcs/sources_1/new/integral_calculator.sv" Line 1. Module integral_calculator doesn't have a timescale but at least one module in design has a timescale.
WARNING: [XSIM 43-4099] "C:/Users/wikto/praca_magisterska/masters_project/masters_project.srcs/sources_1/new/top_module.sv" Line 1. Module top_module doesn't have a timescale but at least one module in design has a timescale.
WARNING: [XSIM 43-4099] "C:/Users/wikto/praca_magisterska/masters_project/masters_project.srcs/sources_1/new/pulse_detector.sv" Line 1. Module pulse_detector doesn't have a timescale but at least one module in design has a timescale.
WARNING: [XSIM 43-4099] "C:/Users/wikto/praca_magisterska/masters_project/masters_project.srcs/sources_1/new/linear_interpolator.sv" Line 1. Module linear_interpolator doesn't have a timescale but at least one module in design has a timescale.
WARNING: [XSIM 43-4099] "C:/Users/wikto/praca_magisterska/masters_project/masters_project.srcs/sources_1/new/integral_calculator.sv" Line 1. Module integral_calculator doesn't have a timescale but at least one module in design has a timescale.
Completed simulation data flow analysis
Time Resolution for simulation is 1ps
Compiling module xil_defaultlib.pulse_detector
Compiling module xil_defaultlib.linear_interpolator
Compiling module xil_defaultlib.integral_calculator
Compiling module xil_defaultlib.top_module
Compiling module xil_defaultlib.testbench
Compiling module xil_defaultlib.glbl
Built simulation snapshot testbench_behav
